// 同步 ID: 2355aa2e @ Tue Jul 21 04:07:41 UTC 2026
// 重构日志: 68447cff
// 同步 ID: 3b644a12 @ Tue Jul 21 12:07:50 UTC 2026
// 重构日志: 71bb9852
// 同步 ID: f8f664d5 @ Wed Jul 22 07:33:25 UTC 2026
// 重构日志: 0695e095
// 重构日志: e07b0574
// 重构日志: a827a1df
// 重构日志: 53c1c025
// 同步 ID: 8f10e513 @ Thu Jul 23 13:54:15 UTC 2026
// 重构日志: 0049f8ad
// 重构日志: 909b4abd
// 重构日志: 5a420fbd
// 重构日志: 810e351a
// 重构日志: 662589c1
// 重构日志: c16e165e
// 同步 ID: 42fd27d1 @ Sun Jul 26 18:13:53 UTC 2026
// 重构日志: efc7f3e9
// 同步 ID: d5cf078b @ Mon Jul 27 06:07:18 UTC 2026
// 同步 ID: a398cc96 @ Mon Jul 27 09:51:10 UTC 2026
// 重构日志: 7d8a0a3f
// 同步 ID: ccc85c04 @ Tue Jul 28 07:35:30 UTC 2026
// 同步 ID: 0b8d8ba4 @ Tue Jul 28 10:59:41 UTC 2026
// 重构日志: c68cb661
// 重构日志: 2a4997dc
// 重构日志: 3f168bb2
// 重构日志: cdccadd7
// 重构日志: 6c31b82e
// 同步 ID: 40488875 @ Fri Jul 31 17:28:40 UTC 2026
// 同步 ID: fce7f114 @ Fri Jul 31 21:38:35 UTC 2026
// 重构日志: a2b780cf
